=== SEASON ay2019 (fall 2018) 2026-08-22T01:09:52Z ===
On branch main
Your branch is up to date with 'origin/main'.

Untracked files:
  (use "git add <file>..." to include in what will be committed)
	mfb/json/1519847.json.gz
	mfb/json/1519848.json.gz
	mfb/json/1519849.json.gz
	mfb/json/1519850.json.gz
	mfb/json/1519865.json.gz
	mfb/json/1519867.json.gz
	mfb/json/1519868.json.gz
	mfb/json/1519870.json.gz
	mfb/json/1519887.json.gz
	mfb/json/1519889.json.gz
	mfb/json/1519894.json.gz
	mfb/json/1519905.json.gz
	mfb/json/1519910.json.gz
	mfb/json/1519917.json.gz
	mfb/json/1519922.json.gz
	mfb/json/1519935.json.gz
	mfb/json/1519936.json.gz
	mfb/json/1519938.json.gz
	mfb/json/1519939.json.gz
	mfb/json/1519940.json.gz
	mfb/json/1519941.json.gz
	mfb/json/1519943.json.gz
	mfb/json/1520010.json.gz

nothing added to commit but untracked files present (use "git add" to track)
capture: {'captured': 107, 'skipped': 1, 'failed': 3}
capture: {'captured': 91, 'skipped': 8, 'failed': 0}
capture: {'captured': 107, 'skipped': 3, 'failed': 1}
capture: {'captured': 89, 'skipped': 10, 'failed': 0}
capture: {'captured': 107, 'skipped': 3, 'failed': 1}
capture: {'captured': 84, 'skipped': 13, 'failed': 1}
capture: {'captured': 104, 'skipped': 3, 'failed': 4}
capture: {'captured': 80, 'skipped': 15, 'failed': 3}
capture: {'captured': 104, 'skipped': 4, 'failed': 2}
capture: {'captured': 79, 'skipped': 16, 'failed': 3}
capture: {'captured': 107, 'skipped': 3, 'failed': 0}
capture: {'captured': 79, 'skipped': 18, 'failed': 1}
capture: {'captured': 104, 'skipped': 3, 'failed': 3}
capture: {'captured': 83, 'skipped': 14, 'failed': 1}
capture: {'captured': 105, 'skipped': 3, 'failed': 2}
capture: {'captured': 79, 'skipped': 16, 'failed': 3}
ay2019 QA: 1522/1532 exact, 5 unverifiable, 5 flagged
=== ay2019 complete 2026-08-22T08:15:05Z ===
=== SEASON ay2018 (fall 2017) 2026-08-22T08:15:05Z ===
capture: {'captured': 109, 'skipped': 0, 'failed': 2}
capture: {'captured': 83, 'skipped': 12, 'failed': 2}
capture: {'captured': 109, 'skipped': 0, 'failed': 2}
capture: {'captured': 81, 'skipped': 16, 'failed': 0}
capture: {'captured': 110, 'skipped': 0, 'failed': 1}
capture: {'captured': 80, 'skipped': 13, 'failed': 4}
capture: {'captured': 109, 'skipped': 0, 'failed': 2}
capture: {'captured': 83, 'skipped': 11, 'failed': 3}
capture: {'captured': 110, 'skipped': 0, 'failed': 0}
capture: {'captured': 80, 'skipped': 16, 'failed': 1}
capture: {'captured': 108, 'skipped': 0, 'failed': 2}
capture: {'captured': 84, 'skipped': 10, 'failed': 3}
capture: {'captured': 109, 'skipped': 0, 'failed': 1}
capture: {'captured': 83, 'skipped': 13, 'failed': 1}
capture: {'captured': 109, 'skipped': 0, 'failed': 1}
capture: {'captured': 81, 'skipped': 13, 'failed': 2}
ay2018 QA: 1518/1528 exact, 8 unverifiable, 2 flagged
=== ay2018 complete 2026-08-22T17:02:24Z ===
=== SEASON ay2017 (fall 2016) 2026-08-22T17:02:24Z ===
capture: {'captured': 108, 'skipped': 0, 'failed': 3}
capture: {'captured': 84, 'skipped': 14, 'failed': 1}
capture: {'captured': 110, 'skipped': 0, 'failed': 1}
capture: {'captured': 82, 'skipped': 14, 'failed': 3}
capture: {'captured': 108, 'skipped': 0, 'failed': 3}
capture: {'captured': 83, 'skipped': 15, 'failed': 1}
capture: {'captured': 110, 'skipped': 0, 'failed': 1}
capture: {'captured': 82, 'skipped': 17, 'failed': 0}
capture: {'captured': 110, 'skipped': 0, 'failed': 1}
capture: {'captured': 80, 'skipped': 16, 'failed': 3}
capture: {'captured': 108, 'skipped': 0, 'failed': 2}
capture: {'captured': 81, 'skipped': 16, 'failed': 2}
capture: {'captured': 110, 'skipped': 0, 'failed': 0}
capture: {'captured': 77, 'skipped': 18, 'failed': 3}
capture: {'captured': 109, 'skipped': 0, 'failed': 1}
capture: {'captured': 84, 'skipped': 13, 'failed': 1}
Auto packing the repository in background for optimum performance.
See "git help gc" for manual housekeeping.
ay2017 QA: 1519/1526 exact, 3 unverifiable, 4 flagged
=== ay2017 complete 2026-08-23T01:17:37Z ===
=== SEASON ay2016 (fall 2015) 2026-08-23T01:17:37Z ===
