=== SEASON ay2022 (fall 2021) 2026-08-21T05:40:58Z ===
On branch main
Your branch is up to date with 'origin/main'.

nothing to commit, working tree clean
capture: {'captured': 0, 'skipped': 107, 'failed': 4}
capture: {'captured': 0, 'skipped': 98, 'failed': 2}
capture: {'captured': 0, 'skipped': 108, 'failed': 3}
capture: {'captured': 0, 'skipped': 94, 'failed': 6}
capture: {'captured': 0, 'skipped': 106, 'failed': 5}
capture: {'captured': 0, 'skipped': 99, 'failed': 1}
capture: {'captured': 0, 'skipped': 106, 'failed': 5}
capture: {'captured': 0, 'skipped': 99, 'failed': 1}
capture: {'captured': 0, 'skipped': 104, 'failed': 7}
capture: {'captured': 0, 'skipped': 97, 'failed': 3}
capture: {'captured': 0, 'skipped': 104, 'failed': 7}
capture: {'captured': 0, 'skipped': 93, 'failed': 7}
capture: {'captured': 0, 'skipped': 102, 'failed': 9}
capture: {'captured': 0, 'skipped': 96, 'failed': 4}
capture: {'captured': 0, 'skipped': 106, 'failed': 4}
capture: {'captured': 0, 'skipped': 97, 'failed': 2}
On branch main
Your branch is up to date with 'origin/main'.

nothing to commit, working tree clean
ay2022 QA: 1494/1502 exact, 3 unverifiable, 5 flagged
=== ay2022 complete 2026-08-21T07:03:10Z ===
=== SEASON ay2021 (fall 2020) 2026-08-21T07:03:10Z ===
capture: {'captured': 71, 'skipped': 0, 'failed': 1}
capture: {'captured': 33, 'skipped': 5, 'failed': 1}
capture: {'captured': 71, 'skipped': 0, 'failed': 1}
capture: {'captured': 33, 'skipped': 5, 'failed': 1}
capture: {'captured': 67, 'skipped': 1, 'failed': 4}
capture: {'captured': 33, 'skipped': 4, 'failed': 2}
capture: {'captured': 71, 'skipped': 0, 'failed': 1}
capture: {'captured': 36, 'skipped': 3, 'failed': 0}
capture: {'captured': 70, 'skipped': 0, 'failed': 1}
capture: {'captured': 34, 'skipped': 4, 'failed': 1}
capture: {'captured': 69, 'skipped': 0, 'failed': 2}
capture: {'captured': 34, 'skipped': 3, 'failed': 2}
capture: {'captured': 70, 'skipped': 0, 'failed': 1}
capture: {'captured': 35, 'skipped': 4, 'failed': 0}
capture: {'captured': 69, 'skipped': 0, 'failed': 2}
capture: {'captured': 32, 'skipped': 6, 'failed': 1}
ay2021 QA: 824/828 exact, 2 unverifiable, 2 flagged
=== ay2021 complete 2026-08-21T13:35:38Z ===
=== SEASON ay2020 (fall 2019) 2026-08-21T13:35:38Z ===
capture: {'captured': 111, 'skipped': 0, 'failed': 0}
capture: {'captured': 91, 'skipped': 13, 'failed': 2}
capture: {'captured': 108, 'skipped': 0, 'failed': 3}
capture: {'captured': 92, 'skipped': 13, 'failed': 1}
capture: {'captured': 110, 'skipped': 0, 'failed': 1}
capture: {'captured': 90, 'skipped': 15, 'failed': 1}
capture: {'captured': 111, 'skipped': 0, 'failed': 0}
capture: {'captured': 93, 'skipped': 13, 'failed': 0}
capture: {'captured': 111, 'skipped': 0, 'failed': 0}
capture: {'captured': 93, 'skipped': 13, 'failed': 0}
capture: {'captured': 110, 'skipped': 0, 'failed': 1}
capture: {'captured': 89, 'skipped': 15, 'failed': 2}
capture: {'captured': 108, 'skipped': 0, 'failed': 3}
capture: {'captured': 89, 'skipped': 16, 'failed': 1}
capture: {'captured': 109, 'skipped': 0, 'failed': 2}
capture: {'captured': 92, 'skipped': 14, 'failed': 0}
ay2020 QA: 1602/1607 exact, 1 unverifiable, 4 flagged
=== ay2020 complete 2026-08-21T21:05:23Z ===
=== SEASON ay2019 (fall 2018) 2026-08-21T21:05:23Z ===
