transport: NCAA_VENDOR=decodo_patchright (canary_vendors.toml) shard 5/8
discovered 130 MFB teams (ay=2020 div=11)
team pages 25/130: 295 contests
team pages 50/130: 536 contests
team pages 75/130: 708 contests
team pages 100/130: 826 contests
team pages 125/130: 883 contests
discovered 888 MFB contests
shard 5/8: 111 contests
games: {'captured': 10, 'skipped': 0, 'failed': 0}
games: {'captured': 20, 'skipped': 0, 'failed': 0}
games: {'captured': 30, 'skipped': 0, 'failed': 0}
games: {'captured': 39, 'skipped': 0, 'failed': 1}
games: {'captured': 49, 'skipped': 0, 'failed': 1}
games: {'captured': 59, 'skipped': 0, 'failed': 1}
games: {'captured': 69, 'skipped': 0, 'failed': 1}
games: {'captured': 79, 'skipped': 0, 'failed': 1}
games: {'captured': 89, 'skipped': 0, 'failed': 1}
games: {'captured': 99, 'skipped': 0, 'failed': 1}
games: {'captured': 109, 'skipped': 0, 'failed': 1}
capture: {'captured': 110, 'skipped': 0, 'failed': 1}
transport: NCAA_VENDOR=decodo_patchright (canary_vendors.toml) shard 5/8
discovered 126 MFB teams (ay=2020 div=12)
team pages 25/126: 267 contests
team pages 50/126: 483 contests
team pages 75/126: 655 contests
team pages 100/126: 773 contests
team pages 125/126: 848 contests
discovered 848 MFB contests
shard 5/8: 106 contests
games: {'captured': 10, 'skipped': 7, 'failed': 0}
games: {'captured': 19, 'skipped': 10, 'failed': 1}
games: {'captured': 29, 'skipped': 12, 'failed': 1}
games: {'captured': 39, 'skipped': 12, 'failed': 1}
games: {'captured': 49, 'skipped': 12, 'failed': 1}
games: {'captured': 59, 'skipped': 12, 'failed': 1}
games: {'captured': 68, 'skipped': 12, 'failed': 2}
games: {'captured': 78, 'skipped': 13, 'failed': 2}
games: {'captured': 88, 'skipped': 15, 'failed': 2}
capture: {'captured': 89, 'skipped': 15, 'failed': 2}
