transport: NCAA_VENDOR=decodo_patchright (canary_vendors.toml) shard 1/8
discovered 129 MFB teams (ay=2017 div=11)
team pages 25/129: 291 contests
team pages 50/129: 534 contests
team pages 75/129: 707 contests
team pages 100/129: 828 contests
team pages 125/129: 881 contests
discovered 885 MFB contests
shard 1/8: 111 contests
games: {'captured': 9, 'skipped': 0, 'failed': 1}
games: {'captured': 19, 'skipped': 0, 'failed': 1}
games: {'captured': 29, 'skipped': 0, 'failed': 1}
games: {'captured': 39, 'skipped': 0, 'failed': 1}
games: {'captured': 49, 'skipped': 0, 'failed': 1}
games: {'captured': 59, 'skipped': 0, 'failed': 1}
games: {'captured': 69, 'skipped': 0, 'failed': 1}
games: {'captured': 79, 'skipped': 0, 'failed': 1}
games: {'captured': 89, 'skipped': 0, 'failed': 1}
games: {'captured': 99, 'skipped': 0, 'failed': 1}
games: {'captured': 109, 'skipped': 0, 'failed': 1}
capture: {'captured': 110, 'skipped': 0, 'failed': 1}
transport: NCAA_VENDOR=decodo_patchright (canary_vendors.toml) shard 1/8
discovered 124 MFB teams (ay=2017 div=12)
team pages 25/124: 248 contests
team pages 50/124: 463 contests
team pages 75/124: 619 contests
team pages 100/124: 731 contests
discovered 790 MFB contests
shard 1/8: 99 contests
games: {'captured': 9, 'skipped': 9, 'failed': 1}
games: {'captured': 18, 'skipped': 11, 'failed': 2}
games: {'captured': 27, 'skipped': 12, 'failed': 3}
games: {'captured': 37, 'skipped': 12, 'failed': 3}
games: {'captured': 47, 'skipped': 12, 'failed': 3}
games: {'captured': 57, 'skipped': 12, 'failed': 3}
games: {'captured': 67, 'skipped': 12, 'failed': 3}
games: {'captured': 77, 'skipped': 13, 'failed': 3}
capture: {'captured': 82, 'skipped': 14, 'failed': 3}
