transport: NCAA_VENDOR=decodo_patchright (canary_vendors.toml) shard 3/8
discovered 130 MFB teams (ay=2019 div=11)
team pages 25/130: 286 contests
team pages 50/130: 527 contests
team pages 75/130: 698 contests
team pages 100/130: 823 contests
team pages 125/130: 879 contests
discovered 884 MFB contests
shard 3/8: 111 contests
games: {'captured': 9, 'skipped': 3, 'failed': 1}
games: {'captured': 19, 'skipped': 3, 'failed': 1}
games: {'captured': 28, 'skipped': 3, 'failed': 2}
games: {'captured': 38, 'skipped': 3, 'failed': 2}
games: {'captured': 48, 'skipped': 3, 'failed': 2}
games: {'captured': 58, 'skipped': 3, 'failed': 2}
games: {'captured': 68, 'skipped': 3, 'failed': 2}
games: {'captured': 78, 'skipped': 3, 'failed': 2}
games: {'captured': 88, 'skipped': 3, 'failed': 2}
games: {'captured': 97, 'skipped': 3, 'failed': 3}
capture: {'captured': 104, 'skipped': 3, 'failed': 4}
transport: NCAA_VENDOR=decodo_patchright (canary_vendors.toml) shard 3/8
discovered 125 MFB teams (ay=2019 div=12)
team pages 25/125: 254 contests
team pages 50/125: 462 contests
team pages 75/125: 625 contests
team pages 100/125: 723 contests
team pages 125/125: 786 contests
discovered 786 MFB contests
shard 3/8: 98 contests
games: {'captured': 10, 'skipped': 5, 'failed': 0}
games: {'captured': 20, 'skipped': 12, 'failed': 0}
games: {'captured': 29, 'skipped': 12, 'failed': 1}
games: {'captured': 38, 'skipped': 12, 'failed': 2}
games: {'captured': 48, 'skipped': 12, 'failed': 2}
games: {'captured': 58, 'skipped': 12, 'failed': 2}
games: {'captured': 68, 'skipped': 13, 'failed': 2}
games: {'captured': 77, 'skipped': 15, 'failed': 3}
capture: {'captured': 80, 'skipped': 15, 'failed': 3}
