transport: NCAA_VENDOR=decodo_patchright (canary_vendors.toml) shard 2/8
discovered 129 MFB teams (ay=2017 div=11)
team pages 25/129: 291 contests
team pages 50/129: 534 contests
team pages 75/129: 707 contests
team pages 100/129: 828 contests
team pages 125/129: 881 contests
discovered 885 MFB contests
shard 2/8: 111 contests
games: {'captured': 10, 'skipped': 0, 'failed': 0}
games: {'captured': 20, 'skipped': 0, 'failed': 0}
games: {'captured': 30, 'skipped': 0, 'failed': 0}
games: {'captured': 39, 'skipped': 0, 'failed': 1}
games: {'captured': 49, 'skipped': 0, 'failed': 1}
games: {'captured': 59, 'skipped': 0, 'failed': 1}
games: {'captured': 69, 'skipped': 0, 'failed': 1}
games: {'captured': 78, 'skipped': 0, 'failed': 2}
games: {'captured': 87, 'skipped': 0, 'failed': 3}
games: {'captured': 97, 'skipped': 0, 'failed': 3}
games: {'captured': 107, 'skipped': 0, 'failed': 3}
capture: {'captured': 108, 'skipped': 0, 'failed': 3}
transport: NCAA_VENDOR=decodo_patchright (canary_vendors.toml) shard 2/8
discovered 124 MFB teams (ay=2017 div=12)
team pages 25/124: 248 contests
team pages 50/124: 463 contests
team pages 75/124: 619 contests
team pages 100/124: 731 contests
discovered 790 MFB contests
shard 2/8: 99 contests
games: {'captured': 10, 'skipped': 7, 'failed': 0}
games: {'captured': 20, 'skipped': 12, 'failed': 0}
games: {'captured': 30, 'skipped': 12, 'failed': 0}
games: {'captured': 40, 'skipped': 12, 'failed': 0}
games: {'captured': 49, 'skipped': 12, 'failed': 1}
games: {'captured': 59, 'skipped': 14, 'failed': 1}
games: {'captured': 69, 'skipped': 14, 'failed': 1}
games: {'captured': 79, 'skipped': 15, 'failed': 1}
capture: {'captured': 83, 'skipped': 15, 'failed': 1}
