transport: NCAA_VENDOR=decodo_patchright (canary_vendors.toml) shard 5/8
discovered 130 MFB teams (ay=2019 div=11)
team pages 25/130: 286 contests
team pages 50/130: 527 contests
team pages 75/130: 698 contests
team pages 100/130: 823 contests
team pages 125/130: 879 contests
discovered 884 MFB contests
shard 5/8: 110 contests
games: {'captured': 10, 'skipped': 3, 'failed': 0}
games: {'captured': 20, 'skipped': 3, 'failed': 0}
games: {'captured': 30, 'skipped': 3, 'failed': 0}
games: {'captured': 40, 'skipped': 3, 'failed': 0}
games: {'captured': 50, 'skipped': 3, 'failed': 0}
games: {'captured': 60, 'skipped': 3, 'failed': 0}
games: {'captured': 70, 'skipped': 3, 'failed': 0}
games: {'captured': 80, 'skipped': 3, 'failed': 0}
games: {'captured': 90, 'skipped': 3, 'failed': 0}
games: {'captured': 100, 'skipped': 3, 'failed': 0}
capture: {'captured': 107, 'skipped': 3, 'failed': 0}
transport: NCAA_VENDOR=decodo_patchright (canary_vendors.toml) shard 5/8
discovered 125 MFB teams (ay=2019 div=12)
team pages 25/125: 254 contests
team pages 50/125: 462 contests
team pages 75/125: 625 contests
team pages 100/125: 723 contests
team pages 125/125: 786 contests
discovered 786 MFB contests
shard 5/8: 98 contests
games: {'captured': 10, 'skipped': 10, 'failed': 0}
games: {'captured': 20, 'skipped': 13, 'failed': 0}
games: {'captured': 29, 'skipped': 15, 'failed': 1}
games: {'captured': 39, 'skipped': 15, 'failed': 1}
games: {'captured': 49, 'skipped': 16, 'failed': 1}
games: {'captured': 59, 'skipped': 16, 'failed': 1}
games: {'captured': 69, 'skipped': 17, 'failed': 1}
games: {'captured': 79, 'skipped': 18, 'failed': 1}
capture: {'captured': 79, 'skipped': 18, 'failed': 1}
