transport: NCAA_VENDOR=decodo_patchright (canary_vendors.toml) shard 3/8
discovered 131 MFB teams (ay=2018 div=11)
team pages 25/131: 289 contests
team pages 50/131: 524 contests
team pages 75/131: 700 contests
team pages 100/131: 823 contests
team pages 125/131: 879 contests
discovered 884 MFB contests
shard 3/8: 111 contests
games: {'captured': 10, 'skipped': 0, 'failed': 0}
games: {'captured': 20, 'skipped': 0, 'failed': 0}
games: {'captured': 30, 'skipped': 0, 'failed': 0}
games: {'captured': 40, 'skipped': 0, 'failed': 0}
games: {'captured': 50, 'skipped': 0, 'failed': 0}
games: {'captured': 60, 'skipped': 0, 'failed': 0}
games: {'captured': 70, 'skipped': 0, 'failed': 0}
games: {'captured': 80, 'skipped': 0, 'failed': 0}
games: {'captured': 89, 'skipped': 0, 'failed': 1}
games: {'captured': 98, 'skipped': 0, 'failed': 2}
games: {'captured': 108, 'skipped': 0, 'failed': 2}
capture: {'captured': 109, 'skipped': 0, 'failed': 2}
transport: NCAA_VENDOR=decodo_patchright (canary_vendors.toml) shard 3/8
discovered 123 MFB teams (ay=2018 div=12)
team pages 25/123: 251 contests
team pages 50/123: 462 contests
team pages 75/123: 622 contests
team pages 100/123: 726 contests
discovered 775 MFB contests
shard 3/8: 97 contests
games: {'captured': 9, 'skipped': 8, 'failed': 1}
games: {'captured': 18, 'skipped': 10, 'failed': 2}
games: {'captured': 28, 'skipped': 10, 'failed': 2}
games: {'captured': 38, 'skipped': 10, 'failed': 2}
games: {'captured': 48, 'skipped': 10, 'failed': 2}
games: {'captured': 58, 'skipped': 10, 'failed': 2}
games: {'captured': 68, 'skipped': 10, 'failed': 2}
games: {'captured': 77, 'skipped': 11, 'failed': 3}
capture: {'captured': 83, 'skipped': 11, 'failed': 3}
