transport: NCAA_VENDOR=decodo_patchright (canary_vendors.toml) shard 5/8
discovered 130 MFB teams (ay=2021 div=11)
team pages 25/130: 188 contests
team pages 50/130: 356 contests
team pages 75/130: 470 contests
team pages 100/130: 537 contests
team pages 125/130: 570 contests
discovered 572 MFB contests
shard 5/8: 71 contests
games: {'captured': 9, 'skipped': 0, 'failed': 1}
games: {'captured': 18, 'skipped': 0, 'failed': 2}
games: {'captured': 28, 'skipped': 0, 'failed': 2}
games: {'captured': 38, 'skipped': 0, 'failed': 2}
games: {'captured': 48, 'skipped': 0, 'failed': 2}
games: {'captured': 58, 'skipped': 0, 'failed': 2}
games: {'captured': 68, 'skipped': 0, 'failed': 2}
capture: {'captured': 69, 'skipped': 0, 'failed': 2}
transport: NCAA_VENDOR=decodo_patchright (canary_vendors.toml) shard 5/8
discovered 127 MFB teams (ay=2021 div=12)
team pages 25/127: 86 contests
team pages 50/127: 172 contests
team pages 75/127: 233 contests
team pages 100/127: 282 contests
team pages 125/127: 312 contests
discovered 312 MFB contests
shard 5/8: 39 contests
games: {'captured': 9, 'skipped': 2, 'failed': 1}
games: {'captured': 18, 'skipped': 3, 'failed': 2}
games: {'captured': 28, 'skipped': 3, 'failed': 2}
capture: {'captured': 34, 'skipped': 3, 'failed': 2}
