transport: NCAA_VENDOR=decodo_patchright (canary_vendors.toml) shard 17/24
discovered 129 MFB teams (ay=2015 div=11)
team pages 25/129: 289 contests
team pages 50/129: 535 contests
team pages 75/129: 708 contests
team pages 100/129: 823 contests
team pages 125/129: 876 contests
discovered 879 MFB contests
shard 17/24: 36 contests
games: {'captured': 9, 'skipped': 0, 'failed': 1}
games: {'captured': 19, 'skipped': 0, 'failed': 1}
games: {'captured': 29, 'skipped': 0, 'failed': 1}
capture: {'captured': 35, 'skipped': 0, 'failed': 1}
transport: NCAA_VENDOR=decodo_patchright (canary_vendors.toml) shard 17/24
discovered 123 MFB teams (ay=2015 div=12)
team pages 25/123: 264 contests
team pages 50/123: 489 contests
team pages 75/123: 662 contests
team pages 100/123: 777 contests
discovered 838 MFB contests
shard 17/24: 35 contests
games: {'captured': 10, 'skipped': 2, 'failed': 0}
games: {'captured': 20, 'skipped': 3, 'failed': 0}
games: {'captured': 30, 'skipped': 3, 'failed': 0}
capture: {'captured': 32, 'skipped': 3, 'failed': 0}
