transport: NCAA_VENDOR=decodo_patchright (canary_vendors.toml) shard 5/8
discovered 129 MFB teams (ay=2017 div=11)
team pages 25/129: 291 contests
team pages 50/129: 534 contests
team pages 75/129: 707 contests
team pages 100/129: 828 contests
team pages 125/129: 881 contests
discovered 885 MFB contests
shard 5/8: 110 contests
games: {'captured': 10, 'skipped': 0, 'failed': 0}
games: {'captured': 20, 'skipped': 0, 'failed': 0}
games: {'captured': 29, 'skipped': 0, 'failed': 1}
games: {'captured': 39, 'skipped': 0, 'failed': 1}
games: {'captured': 48, 'skipped': 0, 'failed': 2}
games: {'captured': 58, 'skipped': 0, 'failed': 2}
games: {'captured': 68, 'skipped': 0, 'failed': 2}
games: {'captured': 78, 'skipped': 0, 'failed': 2}
games: {'captured': 88, 'skipped': 0, 'failed': 2}
games: {'captured': 98, 'skipped': 0, 'failed': 2}
games: {'captured': 108, 'skipped': 0, 'failed': 2}
capture: {'captured': 108, 'skipped': 0, 'failed': 2}
transport: NCAA_VENDOR=decodo_patchright (canary_vendors.toml) shard 5/8
discovered 124 MFB teams (ay=2017 div=12)
team pages 25/124: 248 contests
team pages 50/124: 463 contests
team pages 75/124: 619 contests
team pages 100/124: 731 contests
discovered 790 MFB contests
shard 5/8: 99 contests
games: {'captured': 10, 'skipped': 14, 'failed': 0}
games: {'captured': 20, 'skipped': 14, 'failed': 0}
games: {'captured': 30, 'skipped': 14, 'failed': 0}
games: {'captured': 38, 'skipped': 14, 'failed': 2}
games: {'captured': 48, 'skipped': 14, 'failed': 2}
games: {'captured': 58, 'skipped': 14, 'failed': 2}
games: {'captured': 68, 'skipped': 15, 'failed': 2}
games: {'captured': 78, 'skipped': 16, 'failed': 2}
capture: {'captured': 81, 'skipped': 16, 'failed': 2}
