transport: NCAA_VENDOR=decodo_patchright (canary_vendors.toml)
[2026-09-09 14:30:03Z] daily mfb start: ay=2027 (fall 2026) max=400
log -> logs/daily_mfb_capture_d11_20260909_103003.log  (watch: tail -f logs/daily_mfb_capture_d11_20260909_103003.log)
transport: NCAA_VENDOR=decodo_patchright (canary_vendors.toml) shard 0/1
discovered 138 MFB teams (ay=2027 div=11)
team pages 25/138: 23 contests
team pages 50/138: 49 contests
team pages 75/138: 70 contests
team pages 100/138: 85 contests
team pages 125/138: 94 contests
discovered 99 MFB contests
games: {'captured': 10, 'skipped': 1, 'failed': 0}
games: {'captured': 20, 'skipped': 1, 'failed': 0}
games: {'captured': 30, 'skipped': 1, 'failed': 0}
games: {'captured': 40, 'skipped': 1, 'failed': 0}
games: {'captured': 50, 'skipped': 1, 'failed': 0}
games: {'captured': 60, 'skipped': 1, 'failed': 0}
games: {'captured': 70, 'skipped': 1, 'failed': 0}
games: {'captured': 80, 'skipped': 1, 'failed': 0}
games: {'captured': 90, 'skipped': 1, 'failed': 0}
capture: {'captured': 98, 'skipped': 1, 'failed': 0}
EXIT=0
log -> logs/daily_mfb_capture_d12_20260909_123730.log  (watch: tail -f logs/daily_mfb_capture_d12_20260909_123730.log)
transport: NCAA_VENDOR=decodo_patchright (canary_vendors.toml) shard 0/1
discovered 128 MFB teams (ay=2027 div=12)
team pages 25/128: 39 contests
team pages 50/128: 78 contests
team pages 75/128: 115 contests
team pages 100/128: 140 contests
team pages 125/128: 156 contests
discovered 157 MFB contests
games: {'captured': 10, 'skipped': 4, 'failed': 0}
games: {'captured': 20, 'skipped': 7, 'failed': 0}
games: {'captured': 30, 'skipped': 19, 'failed': 0}
games: {'captured': 40, 'skipped': 21, 'failed': 0}
games: {'captured': 50, 'skipped': 25, 'failed': 0}
games: {'captured': 60, 'skipped': 30, 'failed': 0}
games: {'captured': 70, 'skipped': 34, 'failed': 0}
games: {'captured': 80, 'skipped': 35, 'failed': 0}
games: {'captured': 90, 'skipped': 39, 'failed': 0}
games: {'captured': 100, 'skipped': 46, 'failed': 0}
capture: {'captured': 108, 'skipped': 49, 'failed': 0}
EXIT=0
log -> logs/daily_mfb_parse_20260909_145645.log  (watch: tail -f logs/daily_mfb_parse_20260909_145645.log)
ay2027: {'parsed': 208}
EXIT=0
[2026-09-09 18:57:20Z] daily mfb stages done (rc_total=0)
