[2026-09-20 14:30:03Z] daily mfb start: ay=2027 (fall 2026) max=400 workers=12
[2026-09-20 14:30:03Z] div=11 wave A: refresh team pages x12
[2026-09-20 15:06:32Z] div=11 wave B: capture x12
      1 capture: {'captured': 3, 'skipped': 19, 'failed': 0}
      1 capture: {'captured': 4, 'skipped': 17, 'failed': 0}
      2 capture: {'captured': 5, 'skipped': 16, 'failed': 0}
      1 capture: {'captured': 5, 'skipped': 17, 'failed': 0}
      1 capture: {'captured': 6, 'skipped': 15, 'failed': 0}
      2 capture: {'captured': 6, 'skipped': 16, 'failed': 0}
      2 capture: {'captured': 7, 'skipped': 15, 'failed': 0}
      1 capture: {'captured': 8, 'skipped': 14, 'failed': 0}
      1 capture: {'captured': 9, 'skipped': 13, 'failed': 0}
     12 discovered 260 MFB contests
[2026-09-20 17:01:55Z] div=12 wave A: refresh team pages x12
[2026-09-20 17:37:13Z] div=12 wave B: capture x12
WARN daily_mfb_capture_d12 shard 0 rc=1
WARN daily_mfb_capture_d12 shard 1 rc=1
WARN daily_mfb_capture_d12 shard 2 rc=1
WARN daily_mfb_capture_d12 shard 3 rc=1
WARN daily_mfb_capture_d12 shard 4 rc=1
WARN daily_mfb_capture_d12 shard 5 rc=143
WARN daily_mfb_capture_d12 shard 6 rc=1
WARN daily_mfb_capture_d12 shard 7 rc=1
WARN daily_mfb_capture_d12 shard 8 rc=1
WARN daily_mfb_capture_d12 shard 9 rc=1
WARN daily_mfb_capture_d12 shard 10 rc=1
WARN daily_mfb_capture_d12 shard 11 rc=1
WARN capture div=12 rc=1
log -> logs/daily_mfb_datasets_20260925_102303.log  (watch: tail -f logs/daily_mfb_datasets_20260925_102303.log)
teams: 266
rosters: 29386 players, 266 teams
schedule master: 3150 team-games, 467 unique contests
EXIT=0
log -> logs/daily_mfb_xwalk_20260925_102345.log  (watch: tail -f logs/daily_mfb_xwalk_20260925_102345.log)
ay2027: 454/467 matched  [{'match_method': 'single_team', 'len': 40}, {'match_method': 'exact', 'len': 24}, {'match_method': 'score_pair', 'len': 3}, {'match_method': 'score_window', 'len': 58}, {'match_method': 'date_window', 'len': 6}, {'match_method': 'score_exact', 'len': 323}]
EXIT=0
log -> logs/daily_mfb_parse_20260925_102349.log  (watch: tail -f logs/daily_mfb_parse_20260925_102349.log)
ay2027: {'skipped': 467}
EXIT=0
[2026-09-25 14:23:50Z] daily mfb stages done (rc_total=1)
