[2026-09-28 14:30:04Z] daily mfb start: ay=2027 (fall 2026) max=400 workers=12
[2026-09-28 14:30:04Z] div=11 wave A: refresh team pages x12
[2026-09-28 14:59:05Z] div=11 wave B: capture x12
      4 capture: {'captured': 0, 'skipped': 27, 'failed': 0}
      3 capture: {'captured': 0, 'skipped': 28, 'failed': 0}
      1 capture: {'captured': 1, 'skipped': 26, 'failed': 0}
      3 capture: {'captured': 1, 'skipped': 27, 'failed': 0}
      1 capture: {'captured': 2, 'skipped': 26, 'failed': 0}
     12 discovered 331 MFB contests
[2026-09-28 15:03:44Z] div=12 wave A: refresh team pages x12
[2026-09-28 15:32:14Z] div=12 wave B: capture x12
      9 capture: {'captured': 0, 'skipped': 31, 'failed': 0}
      3 capture: {'captured': 0, 'skipped': 32, 'failed': 0}
     12 discovered 375 MFB contests
log -> logs/daily_mfb_datasets_20260928_113231.log  (watch: tail -f logs/daily_mfb_datasets_20260928_113231.log)
teams: 266
rosters: 29386 players, 266 teams
schedule master: 3150 team-games, 590 unique contests
EXIT=0
log -> logs/daily_mfb_xwalk_20260928_113314.log  (watch: tail -f logs/daily_mfb_xwalk_20260928_113314.log)
ay2027: 579/590 matched  [{'match_method': 'score_exact', 'len': 407}, {'match_method': 'score_window', 'len': 74}, {'match_method': 'unordered_pair', 'len': 1}, {'match_method': 'date_window', 'len': 9}, {'match_method': 'single_team', 'len': 24}, {'match_method': 'score_pair', 'len': 3}, {'match_method': 'exact', 'len': 61}]
EXIT=0
log -> logs/daily_mfb_parse_20260928_113319.log  (watch: tail -f logs/daily_mfb_parse_20260928_113319.log)
ay2027: {'skipped': 584, 'parsed': 6}
EXIT=0
[2026-09-28 15:33:25Z] daily mfb stages done (rc_total=0)
