[2026-10-10 14:30:02Z] daily mfb start: ay=2027 (fall 2026) max=400 workers=12
[2026-10-10 14:30:02Z] div=11 wave A: refresh team pages x12
[2026-10-10 14:40:35Z] div=11 wave B: capture x12
      5 capture: {'captured': 0, 'skipped': 33, 'failed': 0}
      4 capture: {'captured': 0, 'skipped': 34, 'failed': 0}
      1 capture: {'captured': 1, 'skipped': 32, 'failed': 0}
      2 capture: {'captured': 2, 'skipped': 32, 'failed': 0}
     12 discovered 402 MFB contests
[2026-10-10 14:47:56Z] div=12 wave A: refresh team pages x12
[2026-10-10 14:59:15Z] div=12 wave B: capture x12
      8 capture: {'captured': 0, 'skipped': 36, 'failed': 0}
      2 capture: {'captured': 0, 'skipped': 37, 'failed': 0}
      1 capture: {'captured': 1, 'skipped': 35, 'failed': 0}
      1 capture: {'captured': 1, 'skipped': 36, 'failed': 0}
     12 discovered 435 MFB contests
log -> logs/daily_mfb_datasets_20261010_110506.log  (watch: tail -f logs/daily_mfb_datasets_20261010_110506.log)
teams: 266
rosters: 29386 players, 266 teams
schedule master: 3150 team-games, 718 unique contests
EXIT=0
log -> logs/daily_mfb_xwalk_20261010_110551.log  (watch: tail -f logs/daily_mfb_xwalk_20261010_110551.log)
ay2027: 701/718 matched  [{'match_method': 'score_pair', 'len': 3}, {'match_method': 'score_exact', 'len': 489}, {'match_method': 'date_window', 'len': 11}, {'match_method': 'unordered_pair', 'len': 1}, {'match_method': 'score_window', 'len': 89}, {'match_method': 'exact', 'len': 88}, {'match_method': 'single_team', 'len': 20}]
EXIT=0
log -> logs/daily_mfb_parse_20261010_110555.log  (watch: tail -f logs/daily_mfb_parse_20261010_110555.log)
ay2027: {'skipped': 711, 'parsed': 7}
EXIT=0
[2026-10-10 15:06:01Z] daily mfb stages done (rc_total=0)
