[2026-09-17 14:30:02Z] daily mfb start: ay=2027 (fall 2026) max=400 workers=12
[2026-09-17 14:30:02Z] div=11 wave A: refresh team pages x12
[2026-09-17 14:34:54Z] div=11 wave B: capture x12
      7 capture: {'captured': 0, 'skipped': 15, 'failed': 0}
      5 capture: {'captured': 0, 'skipped': 16, 'failed': 0}
     12 discovered 185 MFB contests
[2026-09-17 14:35:03Z] div=12 wave A: refresh team pages x12
[2026-09-17 14:39:05Z] div=12 wave B: capture x12
      1 capture: {'captured': 0, 'skipped': 19, 'failed': 0}
     11 capture: {'captured': 0, 'skipped': 20, 'failed': 0}
     12 discovered 239 MFB contests
log -> logs/daily_mfb_datasets_20260917_103914.log  (watch: tail -f logs/daily_mfb_datasets_20260917_103914.log)
teams: 266
rosters: 29386 players, 266 teams
schedule master: 3150 team-games, 339 unique contests
EXIT=0
log -> logs/daily_mfb_xwalk_20260917_103947.log  (watch: tail -f logs/daily_mfb_xwalk_20260917_103947.log)
ay2027: 316/339 matched  [{'match_method': 'score_exact', 'len': 238}, {'match_method': 'date_window', 'len': 1}, {'match_method': 'single_team', 'len': 19}, {'match_method': 'score_window', 'len': 49}, {'match_method': 'exact', 'len': 6}, {'match_method': 'score_pair', 'len': 3}]
EXIT=0
log -> logs/daily_mfb_parse_20260917_103950.log  (watch: tail -f logs/daily_mfb_parse_20260917_103950.log)
ay2027: {'skipped': 339}
EXIT=0
[2026-09-17 14:39:51Z] daily mfb stages done (rc_total=0)
