transport: NCAA_VENDOR=decodo_patchright (canary_vendors.toml) shard 5/12
discovered 128 MFB teams (ay=2027 div=12)
team pages 25/128: 81 contests
team pages 50/128: 157 contests
team pages 75/128: 226 contests
team pages 100/128: 277 contests
team pages 125/128: 308 contests
discovered 310 MFB contests
shard 5/12: 26 contests
node:internal/process/promises:394
    triggerUncaughtException(err, true /* fromPromise */);
    ^

ProtocolError: Protocol error (Network.setCacheDisabled): Internal server error, session closed.
    at /mnt/sdv_repos/sdv-py/.venv/lib/python3.13/site-packages/patchright/driver/package/lib/coreBundle.js:35961:61
    at new Promise (<anonymous>)
    at _CRSession.send (/mnt/sdv_repos/sdv-py/.venv/lib/python3.13/site-packages/patchright/driver/package/lib/coreBundle.js:35960:16)
    at /mnt/sdv_repos/sdv-py/.venv/lib/python3.13/site-packages/patchright/driver/package/lib/coreBundle.js:36841:61
    at /mnt/sdv_repos/sdv-py/.venv/lib/python3.13/site-packages/patchright/driver/package/lib/coreBundle.js:36806:20
    at Array.map (<anonymous>)
    at CRNetworkManager._forEachSession (/mnt/sdv_repos/sdv-py/.venv/lib/python3.13/site-packages/patchright/driver/package/lib/coreBundle.js:36804:56)
    at CRNetworkManager.setRequestInterception (/mnt/sdv_repos/sdv-py/.venv/lib/python3.13/site-packages/patchright/driver/package/lib/coreBundle.js:36841:22)
    at runNextTicks (node:internal/process/task_queues:65:5)
    at process.processImmediate (node:internal/timers:472:9) {
  type: 'closed',
  method: 'Network.setCacheDisabled',
  logs: '\n' +
    '<launching> /root/.cache/ms-playwright/chromium-1228/chrome-linux64/chrome --disable-field-trial-config --disable-background-networking --disable-background-timer-throttling --disable-backgrounding-occluded-windows --disable-breakpad --no-default-browser-check --disable-dev-shm-usage --disable-edgeupdater --disable-features=AvoidUnnecessaryBeforeUnloadCheckSync,BoundaryEventDispatchTracksNodeRemoval,DestroyProfileOnBrowserClose,DialMediaRouteProvider,GlobalMediaControls,HttpsUpgrades,LensOverlay,MediaRouter,PaintHolding,ThirdPartyStoragePartitioning,Translate,AutoDeElevate,RenderDocument,OptimizationHints,msForceBrowserSignIn,msEdgeUpdateLaunchServicesPreferredVersion --enable-features=CDPScreenshotNewSurface --disable-hang-monitor --disable-prompt-on-repost --disable-renderer-backgrounding --force-color-profile=srgb --no-first-run --password-store=basic --use-mock-keychain --no-service-autorun --export-tagged-pdf --disable-search-engine-choice-screen --edge-skip-compat-layer-relaunch --disable-infobars --disable-search-engine-choice-screen --disable-sync --disable-blink-features=AutomationControlled --no-sandbox --proxy-server=http://us.decodo.com:10023 --proxy-bypass-list=<-loopback> --headless=new --user-data-dir=/tmp/patchright_udd_ty_q00qd --remote-debugging-pipe about:blank\n' +
    '<launched> pid=1281695\n' +
    '[pid=1281695][err] [1281695:1281709:0920/133723.214146:ERROR:dbus/bus.cc:405] Failed to connect to the bus: Could not parse server address: Unknown address type (examples of valid types are "tcp" and on UNIX "unix")\n' +
    '[pid=1281695][err] [1281695:1281709:0920/133723.215384:ERROR:dbus/bus.cc:405] Failed to connect to the bus: Could not parse server address: Unknown address type (examples of valid types are "tcp" and on UNIX "unix")\n' +
    '[pid=1281695][err] [1281695:1281709:0920/133723.266163:ERROR:dbus/bus.cc:405] Failed to connect to the bus: Could not parse server address: Unknown address type (examples of valid types are "tcp" and on UNIX "unix")\n' +
    '[pid=1281695][err] [1281695:1281695:0920/133723.352170:ERROR:dbus/object_proxy.cc:572] Failed to call method: org.freedesktop.DBus.NameHasOwner: object_path= /org/freedesktop/DBus: unknown error type: \n' +
    '[pid=1281695][err] [1281695:1281695:0920/133723.352637:ERROR:dbus/object_proxy.cc:572] Failed to call method: org.freedesktop.DBus.NameHasOwner: object_path= /org/freedesktop/DBus: unknown error type: \n' +
    '[pid=1281695][err] [1281695:1281709:0920/133723.352638:ERROR:dbus/bus.cc:405] Failed to connect to the bus: Could not parse server address: Unknown address type (examples of valid types are "tcp" and on UNIX "unix")\n' +
    '[pid=1281695][err] [1281695:1281709:0920/133723.352792:ERROR:dbus/bus.cc:405] Failed to connect to the bus: Could not parse server address: Unknown address type (examples of valid types are "tcp" and on UNIX "unix")\n' +
    '[pid=1281695][err] [1281695:1281695:0920/133723.358349:ERROR:dbus/object_proxy.cc:572] Failed to call method: org.freedesktop.DBus.NameHasOwner: object_path= /org/freedesktop/DBus: unknown error type: \n' +
    '[pid=1281695][err] [1281695:1281695:0920/133723.395044:ERROR:dbus/object_proxy.cc:572] Failed to call method: org.freedesktop.DBus.NameHasOwner: object_path= /org/freedesktop/DBus: unknown error type: \n' +
    '[pid=1281695][err] [1281695:1281695:0920/133723.395082:ERROR:dbus/object_proxy.cc:572] Failed to call method: org.freedesktop.DBus.NameHasOwner: object_path= /org/freedesktop/DBus: unknown error type: \n' +
    '[pid=1281695][err] [1281695:1281709:0920/133723.396518:ERROR:dbus/bus.cc:405] Failed to connect to the bus: Could not parse server address: Unknown address type (examples of valid types are "tcp" and on UNIX "unix")\n' +
    '[pid=1281695][err] [1281695:1281695:0920/133723.411400:ERROR:dbus/object_proxy.cc:572] Failed to call method: org.freedesktop.DBus.NameHasOwner: object_path= /org/freedesktop/DBus: unknown error type: \n' +
    '[pid=1281695][err] [1281695:1281709:0920/133723.411505:ERROR:dbus/bus.cc:405] Failed to connect to the bus: Could not parse server address: Unknown address type (examples of valid types are "tcp" and on UNIX "unix")\n' +
    '[pid=1281695][err] [1281775:1281802:0920/133723.415008:ERROR:gpu/ipc/client/command_buffer_proxy_impl.cc:285] ContextResult::kTransientFailure: Failed to send GpuControl.CreateCommandBuffer.\n' +
    '[pid=1281695][err] [1281695:1281695:0920/133723.417627:ERROR:dbus/object_proxy.cc:572] Failed to call method: org.freedesktop.DBus.NameHasOwner: object_path= /org/freedesktop/DBus: unknown error type: \n' +
    '[pid=1281695][err] [1281695:1281709:0920/133723.417721:ERROR:dbus/bus.cc:405] Failed to connect to the bus: Could not parse server address: Unknown address type (examples of valid types are "tcp" and on UNIX "unix")\n' +
    '[pid=1281695][err] [1281695:1281695:0920/133723.421219:ERROR:dbus/object_proxy.cc:572] Failed to call method: org.freedesktop.DBus.NameHasOwner: object_path= /org/freedesktop/DBus: unknown error type: \n' +
    '[pid=1281695][err] [0920/133723.436096:ERROR:third_party/crashpad/crashpad/util/file/file_io_posix.cc:145] open /sys/devices/system/cpu/cpu0/cpufreq/scaling_cur_freq: No such file or directory (2)\n' +
    '[pid=1281695][err] [0920/133723.436185:ERROR:third_party/crashpad/crashpad/util/file/file_io_posix.cc:145] open /sys/devices/system/cpu/cpu0/cpufreq/scaling_max_freq: No such file or directory (2)\n' +
    '[pid=1281695][err] [0920/133723.442841:ERROR:third_party/crashpad/crashpad/util/file/file_io.cc:159] write: No space left on device (28)\n' +
    '[pid=1281695][err] [0920/133723.442890:ERROR:third_party/crashpad/crashpad/util/file/file_io.cc:159] write: No space left on device (28)\n' +
    '[pid=1281695][err] [0920/133723.442913:ERROR:third_party/crashpad/crashpad/util/file/file_io.cc:159] write: No space left on device (28)\n' +
    '[pid=1281695][err] [0920/133723.442923:ERROR:third_party/crashpad/crashpad/util/file/file_io.cc:159] write: No space left on device (28)\n' +
    '[pid=1281695][err] [0920/133723.442939:ERROR:third_party/crashpad/crashpad/util/file/file_io.cc:159] write: No space left on device (28)\n' +
    '[pid=1281695][err] [0920/133723.442949:ERROR:third_party/crashpad/crashpad/util/file/file_io.cc:159] write: No space left on device (28)\n' +
    '[pid=1281695][err] [0920/133723.442968:ERROR:third_party/crashpad/crashpad/util/file/file_io.cc:159] write: No space left on device (28)\n' +
    '[pid=1281695][err] [0920/133723.442979:ERROR:third_party/crashpad/crashpad/util/file/file_io.cc:159] write: No space left on device (28)\n' +
    '[pid=1281695][err] [0920/133723.442996:ERROR:third_party/crashpad/crashpad/util/file/file_io.cc:159] write: No space left on device (28)\n' +
    '[pid=1281695][err] [0920/133723.443006:ERROR:third_party/crashpad/crashpad/util/file/file_io.cc:159] write: No space left on device (28)\n' +
    '[pid=1281695][err] [0920/133723.443023:ERROR:third_party/crashpad/crashpad/util/file/file_io.cc:159] write: No space left on device (28)\n' +
    '[pid=1281695][err] [0920/133723.443032:ERROR:third_party/crashpad/crashpad/util/file/file_io.cc:159] write: No space left on device (28)\n' +
    '[pid=1281695][err] [0920/133723.443047:ERROR:third_party/crashpad/crashpad/util/file/file_io.cc:159] write: No space left on device (28)\n' +
    '[pid=1281695][err] [0920/133723.443057:ERROR:third_party/crashpad/crashpad/util/file/file_io.cc:159] write: No space left on device (28)\n' +
    '[pid=1281695][err] [0920/133723.443081:ERROR:third_party/crashpad/crashpad/util/file/file_io.cc:159] write: No space left on device (28)\n' +
    '[pid=1281695][err] [0920/133723.443098:ERROR:third_party/crashpad/crashpad/util/file/file_io.cc:159] write: No space left on device (28)\n' +
    '[pid=1281695][err] [0920/133723.443125:ERROR:third_party/crashpad/crashpad/util/file/file_io.cc:159] write: No space left on device (28)\n' +
    '[pid=1281695][err] [0920/133723.443138:ERROR:third_party/crashpad/crashpad/util/file/file_io.cc:159] write: No space left on device (28)\n' +
    '[pid=1281695][err] [0920/133723.443154:ERROR:third_party/crashpad/crashpad/util/file/file_io.cc:159] write: No space left on device (28)\n' +
    '[pid=1281695][err] [0920/133723.443164:ERROR:third_party/crashpad/crashpad/util/file/file_io.cc:159] write: No space left on device (28)\n' +
    '[pid=1281695][err] [0920/133723.443180:ERROR:third_party/crashpad/crashpad/util/file/file_io.cc:159] write: No space left on device (28)\n' +
    '[pid=1281695][err] [0920/133723.443190:ERROR:third_party/crashpad/crashpad/util/file/file_io.cc:159] write: No space left on device (28)\n' +
    '[pid=1281695][err] [0920/133723.443207:ERROR:third_party/crashpad/crashpad/util/file/file_io.cc:159] write: No space left on device (28)\n' +
    '[pid=1281695][err] [0920/133723.443217:ERROR:third_party/crashpad/crashpad/util/file/file_io.cc:159] write: No space left on device (28)\n' +
    '[pid=1281695][err] [0920/133723.443238:ERROR:third_party/crashpad/crashpad/util/file/file_io.cc:159] write: No space left on device (28)\n' +
    '[pid=1281695][err] [0920/133723.443249:ERROR:third_party/crashpad/crashpad/util/file/file_io.cc:159] write: No space left on device (28)\n' +
    '[pid=1281695][err] [0920/133723.443268:ERROR:third_party/crashpad/crashpad/util/file/file_io.cc:159] write: No space left on device (28)\n' +
    '[pid=1281695][err] [0920/133723.443278:ERROR:third_party/crashpad/crashpad/util/file/file_io.cc:159] write: No space left on device (28)\n' +
    '[pid=1281695][err] [0920/133723.443299:ERROR:third_party/crashpad/crashpad/util/file/file_io.cc:159] write: No space left on device (28)\n' +
    '[pid=1281695][err] [0920/133723.443309:ERROR:third_party/crashpad/crashpad/util/file/file_io.cc:159] write: No space left on device (28)\n' +
    '[pid=1281695][err] [0920/133723.443326:ERROR:third_party/crashpad/crashpad/util/file/file_io.cc:159] write: No space left on device (28)\n' +
    '[pid=1281695][err] [0920/133723.443338:ERROR:third_party/crashpad/crashpad/util/file/file_io.cc:159] write: No space left on device (28)\n' +
    '[pid=1281695][err] [0920/133723.443355:ERROR:third_party/crashpad/crashpad/util/file/file_io.cc:159] write: No space left on device (28)\n' +
    '[pid=1281695][err] [0920/133723.443364:ERROR:third_party/crashpad/crashpad/util/file/file_io.cc:159] write: No space left on device (28)\n' +
    '[pid=1281695][err] [0920/133723.443380:ERROR:third_party/crashpad/crashpad/util/file/fil'... 6227 more characters
}

Node.js v24.16.0
capture: {'captured': 0, 'skipped': 23, 'failed': 3}
