[2026-09-09 04:09:37Z] daily mfb start: ay=2027 (fall 2026) max=0 workers=1
log -> logs/daily_mfb_capture_d11_20260909_000937.log  (watch: tail -f logs/daily_mfb_capture_d11_20260909_000937.log)
usage: mfb_run.py [-h] [--academic-year ACADEMIC_YEAR] [--division DIVISION]
                  [--out OUT] [--max-contests MAX_CONTESTS] [--rosters]
                  [--skip-games] [--shard SHARD]
mfb_run.py: error: unrecognized arguments: --workers 1
EXIT=2
WARN capture div=11 rc=2
log -> logs/daily_mfb_capture_d12_20260909_000937.log  (watch: tail -f logs/daily_mfb_capture_d12_20260909_000937.log)
usage: mfb_run.py [-h] [--academic-year ACADEMIC_YEAR] [--division DIVISION]
                  [--out OUT] [--max-contests MAX_CONTESTS] [--rosters]
                  [--skip-games] [--shard SHARD]
mfb_run.py: error: unrecognized arguments: --workers 1
[2026-09-09 04:10:05Z] daily mfb start: ay=2027 (fall 2026) max=1
log -> logs/daily_mfb_capture_d11_20260909_001005.log  (watch: tail -f logs/daily_mfb_capture_d11_20260909_001005.log)
transport: NCAA_VENDOR=decodo_patchright (canary_vendors.toml) shard 0/1
Traceback (most recent call last):
  File "/mnt/sdv_repos/ncaa-mfb-football-raw/python/ncaa_mfb_raw_scrape/mfb_run.py", line 116, in <module>
    raise SystemExit(main())
                     ~~~~^^
  File "/mnt/sdv_repos/ncaa-mfb-football-raw/python/ncaa_mfb_raw_scrape/mfb_run.py", line 87, in main
    teams = discover_teams(
        args.academic_year, args.division, fetch_fn=fetch, save_dir=args.out
    )
  File "/mnt/sdv_repos/ncaa-mfb-football-raw/python/ncaa_mfb_raw_scrape/mfb_discover.py", line 103, in discover_teams
    _read_or_fetch(tl_path, fetch, team_list_path(academic_year, division))
    ~~~~~~~~~~~~~~^^^^^^^^^^^^^^^^^^^^^^^^^^^^^^^^^^^^^^^^^^^^^^^^^^^^^^^^^
  File "/mnt/sdv_repos/ncaa-mfb-football-raw/python/ncaa_mfb_raw_scrape/mfb_discover.py", line 76, in _read_or_fetch
    html = fetch_fn(url_path) or ""
           ~~~~~~~~^^^^^^^^^^
  File "/mnt/sdv_repos/ncaa-mfb-football-raw/python/ncaa_mfb_raw_scrape/mfb_discover.py", line 65, in <lambda>
    return lambda path: fetcher.fetch_html(path)
                        ~~~~~~~~~~~~~~~~~~^^^^^^
  File "/mnt/sdv_repos/sdv-py/sportsdataverse/mbb/mbb_ncaa_fetch.py", line 989, in fetch_html
    text = self._get_with_rotation(url)
  File "/mnt/sdv_repos/sdv-py/sportsdataverse/mbb/mbb_ncaa_fetch.py", line 937, in _get_with_rotation
    raise RuntimeError(f"NCAA fetch failed after rotating proxies: {url}: {last_err}")
RuntimeError: NCAA fetch failed after rotating proxies: https://stats.ncaa.org/team/inst_team_list?academic_year=2027&conf_id=-1&division=11&sport_code=MFB: No module named 'patchright'
EXIT=1
WARN capture div=11 rc=1
log -> logs/daily_mfb_capture_d12_20260909_001105.log  (watch: tail -f logs/daily_mfb_capture_d12_20260909_001105.log)
transport: NCAA_VENDOR=decodo_patchright (canary_vendors.toml) shard 0/1
Traceback (most recent call last):
  File "/mnt/sdv_repos/ncaa-mfb-football-raw/python/ncaa_mfb_raw_scrape/mfb_run.py", line 116, in <module>
    raise SystemExit(main())
                     ~~~~^^
  File "/mnt/sdv_repos/ncaa-mfb-football-raw/python/ncaa_mfb_raw_scrape/mfb_run.py", line 87, in main
    teams = discover_teams(
        args.academic_year, args.division, fetch_fn=fetch, save_dir=args.out
    )
  File "/mnt/sdv_repos/ncaa-mfb-football-raw/python/ncaa_mfb_raw_scrape/mfb_discover.py", line 103, in discover_teams
    _read_or_fetch(tl_path, fetch, team_list_path(academic_year, division))
    ~~~~~~~~~~~~~~^^^^^^^^^^^^^^^^^^^^^^^^^^^^^^^^^^^^^^^^^^^^^^^^^^^^^^^^^
  File "/mnt/sdv_repos/ncaa-mfb-football-raw/python/ncaa_mfb_raw_scrape/mfb_discover.py", line 76, in _read_or_fetch
    html = fetch_fn(url_path) or ""
           ~~~~~~~~^^^^^^^^^^
  File "/mnt/sdv_repos/ncaa-mfb-football-raw/python/ncaa_mfb_raw_scrape/mfb_discover.py", line 65, in <lambda>
    return lambda path: fetcher.fetch_html(path)
                        ~~~~~~~~~~~~~~~~~~^^^^^^
  File "/mnt/sdv_repos/sdv-py/sportsdataverse/mbb/mbb_ncaa_fetch.py", line 989, in fetch_html
    text = self._get_with_rotation(url)
  File "/mnt/sdv_repos/sdv-py/sportsdataverse/mbb/mbb_ncaa_fetch.py", line 937, in _get_with_rotation
    raise RuntimeError(f"NCAA fetch failed after rotating proxies: {url}: {last_err}")
RuntimeError: NCAA fetch failed after rotating proxies: https://stats.ncaa.org/team/inst_team_list?academic_year=2027&conf_id=-1&division=12&sport_code=MFB: No module named 'patchright'
EXIT=1
WARN capture div=12 rc=1
log -> logs/daily_mfb_parse_20260909_001200.log  (watch: tail -f logs/daily_mfb_parse_20260909_001200.log)
ay2027: {}
EXIT=0
[2026-09-09 04:12:00Z] daily mfb stages done (rc_total=1)
[2026-09-09 04:12:00Z] nothing new to commit
[2026-09-09 04:12:00Z] daily mfb done EXIT=1
[2026-09-09 04:12:52Z] daily mfb start: ay=2027 (fall 2026) max=1
log -> logs/daily_mfb_capture_d11_20260909_001252.log  (watch: tail -f logs/daily_mfb_capture_d11_20260909_001252.log)
transport: NCAA_VENDOR=decodo_patchright (canary_vendors.toml) shard 0/1
Traceback (most recent call last):
  File "/mnt/sdv_repos/ncaa-mfb-football-raw/python/ncaa_mfb_raw_scrape/mfb_run.py", line 116, in <module>
    raise SystemExit(main())
                     ~~~~^^
  File "/mnt/sdv_repos/ncaa-mfb-football-raw/python/ncaa_mfb_raw_scrape/mfb_run.py", line 87, in main
    teams = discover_teams(
        args.academic_year, args.division, fetch_fn=fetch, save_dir=args.out
    )
  File "/mnt/sdv_repos/ncaa-mfb-football-raw/python/ncaa_mfb_raw_scrape/mfb_discover.py", line 103, in discover_teams
    _read_or_fetch(tl_path, fetch, team_list_path(academic_year, division))
    ~~~~~~~~~~~~~~^^^^^^^^^^^^^^^^^^^^^^^^^^^^^^^^^^^^^^^^^^^^^^^^^^^^^^^^^
  File "/mnt/sdv_repos/ncaa-mfb-football-raw/python/ncaa_mfb_raw_scrape/mfb_discover.py", line 76, in _read_or_fetch
    html = fetch_fn(url_path) or ""
           ~~~~~~~~^^^^^^^^^^
  File "/mnt/sdv_repos/ncaa-mfb-football-raw/python/ncaa_mfb_raw_scrape/mfb_discover.py", line 65, in <lambda>
    return lambda path: fetcher.fetch_html(path)
                        ~~~~~~~~~~~~~~~~~~^^^^^^
  File "/mnt/sdv_repos/sdv-py/sportsdataverse/mbb/mbb_ncaa_fetch.py", line 989, in fetch_html
    text = self._get_with_rotation(url)
  File "/mnt/sdv_repos/sdv-py/sportsdataverse/mbb/mbb_ncaa_fetch.py", line 937, in _get_with_rotation
    raise RuntimeError(f"NCAA fetch failed after rotating proxies: {url}: {last_err}")
RuntimeError: NCAA fetch failed after rotating proxies: https://stats.ncaa.org/team/inst_team_list?academic_year=2027&conf_id=-1&division=11&sport_code=MFB: No module named 'patchright'
EXIT=1
WARN capture div=11 rc=1
log -> logs/daily_mfb_capture_d12_20260909_001346.log  (watch: tail -f logs/daily_mfb_capture_d12_20260909_001346.log)
transport: NCAA_VENDOR=decodo_patchright (canary_vendors.toml) shard 0/1
Traceback (most recent call last):
  File "/mnt/sdv_repos/ncaa-mfb-football-raw/python/ncaa_mfb_raw_scrape/mfb_run.py", line 116, in <module>
    raise SystemExit(main())
                     ~~~~^^
  File "/mnt/sdv_repos/ncaa-mfb-football-raw/python/ncaa_mfb_raw_scrape/mfb_run.py", line 87, in main
    teams = discover_teams(
        args.academic_year, args.division, fetch_fn=fetch, save_dir=args.out
    )
  File "/mnt/sdv_repos/ncaa-mfb-football-raw/python/ncaa_mfb_raw_scrape/mfb_discover.py", line 103, in discover_teams
    _read_or_fetch(tl_path, fetch, team_list_path(academic_year, division))
    ~~~~~~~~~~~~~~^^^^^^^^^^^^^^^^^^^^^^^^^^^^^^^^^^^^^^^^^^^^^^^^^^^^^^^^^
  File "/mnt/sdv_repos/ncaa-mfb-football-raw/python/ncaa_mfb_raw_scrape/mfb_discover.py", line 76, in _read_or_fetch
    html = fetch_fn(url_path) or ""
           ~~~~~~~~^^^^^^^^^^
  File "/mnt/sdv_repos/ncaa-mfb-football-raw/python/ncaa_mfb_raw_scrape/mfb_discover.py", line 65, in <lambda>
    return lambda path: fetcher.fetch_html(path)
                        ~~~~~~~~~~~~~~~~~~^^^^^^
  File "/mnt/sdv_repos/sdv-py/sportsdataverse/mbb/mbb_ncaa_fetch.py", line 989, in fetch_html
    text = self._get_with_rotation(url)
  File "/mnt/sdv_repos/sdv-py/sportsdataverse/mbb/mbb_ncaa_fetch.py", line 937, in _get_with_rotation
    raise RuntimeError(f"NCAA fetch failed after rotating proxies: {url}: {last_err}")
RuntimeError: NCAA fetch failed after rotating proxies: https://stats.ncaa.org/team/inst_team_list?academic_year=2027&conf_id=-1&division=12&sport_code=MFB: No module named 'patchright'
EXIT=1
WARN capture div=12 rc=1
log -> logs/daily_mfb_parse_20260909_001440.log  (watch: tail -f logs/daily_mfb_parse_20260909_001440.log)
ay2027: {}
EXIT=0
[2026-09-09 04:14:40Z] daily mfb stages done (rc_total=1)
[2026-09-09 04:14:40Z] nothing new to commit
[2026-09-09 04:14:40Z] daily mfb done EXIT=1
