[2026-10-01 14:30:04Z] daily mfb start: ay=2027 (fall 2026) max=400 workers=12
[2026-10-01 14:30:04Z] div=11 wave A: refresh team pages x12
[2026-10-01 14:58:09Z] div=11 wave B: capture x12
      5 capture: {'captured': 0, 'skipped': 27, 'failed': 0}
      7 capture: {'captured': 0, 'skipped': 28, 'failed': 0}
     12 discovered 331 MFB contests
[2026-10-01 14:58:22Z] div=12 wave A: refresh team pages x12
[2026-10-01 15:27:17Z] div=12 wave B: capture x12
      9 capture: {'captured': 0, 'skipped': 31, 'failed': 0}
      3 capture: {'captured': 0, 'skipped': 32, 'failed': 0}
     12 discovered 375 MFB contests
log -> logs/daily_mfb_datasets_20261001_112735.log  (watch: tail -f logs/daily_mfb_datasets_20261001_112735.log)
teams: 266
rosters: 29386 players, 266 teams
schedule master: 3150 team-games, 590 unique contests
EXIT=0
log -> logs/daily_mfb_xwalk_20261001_112824.log  (watch: tail -f logs/daily_mfb_xwalk_20261001_112824.log)
ay2027: 579/590 matched  [{'match_method': 'score_window', 'len': 74}, {'match_method': 'score_pair', 'len': 3}, {'match_method': 'exact', 'len': 61}, {'match_method': 'unordered_pair', 'len': 1}, {'match_method': 'score_exact', 'len': 407}, {'match_method': 'single_team', 'len': 24}, {'match_method': 'date_window', 'len': 9}]
EXIT=0
log -> logs/daily_mfb_parse_20261001_112830.log  (watch: tail -f logs/daily_mfb_parse_20261001_112830.log)
ay2027: {'skipped': 590}
EXIT=0
[2026-10-01 15:28:31Z] daily mfb stages done (rc_total=0)
[2026-10-01 15:28:36Z] daily mfb done EXIT=0
