[2026-10-05 14:30:02Z] daily mfb start: ay=2027 (fall 2026) max=400 workers=12
[2026-10-05 14:30:02Z] div=11 wave A: refresh team pages x12
[2026-10-05 14:58:18Z] div=11 wave B: capture x12
      6 capture: {'captured': 0, 'skipped': 32, 'failed': 0}
      6 capture: {'captured': 0, 'skipped': 33, 'failed': 0}
     12 discovered 390 MFB contests
[2026-10-05 14:58:34Z] div=12 wave A: refresh team pages x12
[2026-10-05 15:27:49Z] div=12 wave B: capture x12
     11 capture: {'captured': 0, 'skipped': 36, 'failed': 0}
      1 capture: {'captured': 1, 'skipped': 35, 'failed': 0}
     12 discovered 432 MFB contests
log -> logs/daily_mfb_datasets_20261005_112951.log  (watch: tail -f logs/daily_mfb_datasets_20261005_112951.log)
teams: 266
rosters: 29386 players, 266 teams
schedule master: 3150 team-games, 703 unique contests
EXIT=0
log -> logs/daily_mfb_xwalk_20261005_113038.log  (watch: tail -f logs/daily_mfb_xwalk_20261005_113038.log)
ay2027: 686/703 matched  [{'match_method': 'date_window', 'len': 11}, {'match_method': 'score_pair', 'len': 3}, {'match_method': 'score_exact', 'len': 482}, {'match_method': 'score_window', 'len': 84}, {'match_method': 'unordered_pair', 'len': 1}, {'match_method': 'single_team', 'len': 20}, {'match_method': 'exact', 'len': 85}]
EXIT=0
log -> logs/daily_mfb_parse_20261005_113043.log  (watch: tail -f logs/daily_mfb_parse_20261005_113043.log)
ay2027: {'skipped': 702, 'parsed': 1}
EXIT=0
[2026-10-05 15:30:48Z] daily mfb stages done (rc_total=0)
