transport: NCAA_VENDOR=decodo_patchright (canary_vendors.toml) shard 7/8
discovered 133 MFB teams (ay=2024 div=11)
team pages 25/133: 288 contests
team pages 50/133: 525 contests
team pages 75/133: 699 contests
team pages 100/133: 834 contests
team pages 125/133: 902 contests
discovered 910 MFB contests
shard 7/8: 113 contests
games: {'captured': 10, 'skipped': 0, 'failed': 0}
games: {'captured': 20, 'skipped': 0, 'failed': 0}
games: {'captured': 30, 'skipped': 0, 'failed': 0}
games: {'captured': 40, 'skipped': 0, 'failed': 0}
games: {'captured': 50, 'skipped': 0, 'failed': 0}
games: {'captured': 60, 'skipped': 0, 'failed': 0}
games: {'captured': 70, 'skipped': 0, 'failed': 0}
games: {'captured': 80, 'skipped': 0, 'failed': 0}
games: {'captured': 90, 'skipped': 0, 'failed': 0}
games: {'captured': 100, 'skipped': 0, 'failed': 0}
games: {'captured': 109, 'skipped': 0, 'failed': 1}
capture: {'captured': 112, 'skipped': 0, 'failed': 1}
transport: NCAA_VENDOR=decodo_patchright (canary_vendors.toml) shard 7/8
discovered 128 MFB teams (ay=2024 div=12)
team pages 25/128: 249 contests
team pages 50/128: 461 contests
team pages 75/128: 627 contests
team pages 100/128: 735 contests
team pages 125/128: 803 contests
discovered 805 MFB contests
shard 7/8: 100 contests
games: {'captured': 9, 'skipped': 11, 'failed': 1}
games: {'captured': 19, 'skipped': 13, 'failed': 1}
games: {'captured': 29, 'skipped': 15, 'failed': 1}
games: {'captured': 39, 'skipped': 15, 'failed': 1}
games: {'captured': 49, 'skipped': 15, 'failed': 1}
games: {'captured': 59, 'skipped': 15, 'failed': 1}
games: {'captured': 69, 'skipped': 15, 'failed': 1}
games: {'captured': 79, 'skipped': 16, 'failed': 1}
capture: {'captured': 83, 'skipped': 16, 'failed': 1}
