transport: NCAA_VENDOR=decodo_patchright (canary_vendors.toml) shard 4/8
discovered 130 MFB teams (ay=2022 div=11)
team pages 25/130: 289 contests
team pages 50/130: 526 contests
team pages 75/130: 697 contests
team pages 100/130: 829 contests
team pages 125/130: 883 contests
discovered 887 MFB contests
shard 4/8: 111 contests
games: {'captured': 10, 'skipped': 0, 'failed': 0}
games: {'captured': 20, 'skipped': 0, 'failed': 0}
games: {'captured': 29, 'skipped': 0, 'failed': 1}
games: {'captured': 39, 'skipped': 0, 'failed': 1}
games: {'captured': 48, 'skipped': 0, 'failed': 2}
games: {'captured': 57, 'skipped': 0, 'failed': 3}
games: {'captured': 66, 'skipped': 0, 'failed': 4}
games: {'captured': 75, 'skipped': 0, 'failed': 5}
games: {'captured': 85, 'skipped': 0, 'failed': 5}
games: {'captured': 94, 'skipped': 0, 'failed': 6}
games: {'captured': 103, 'skipped': 0, 'failed': 7}
capture: {'captured': 104, 'skipped': 0, 'failed': 7}
transport: NCAA_VENDOR=decodo_patchright (canary_vendors.toml) shard 4/8
discovered 128 MFB teams (ay=2022 div=12)
team pages 25/128: 241 contests
team pages 50/128: 457 contests
team pages 75/128: 615 contests
team pages 100/128: 730 contests
team pages 125/128: 796 contests
discovered 799 MFB contests
shard 4/8: 100 contests
games: {'captured': 9, 'skipped': 10, 'failed': 1}
games: {'captured': 19, 'skipped': 13, 'failed': 1}
games: {'captured': 29, 'skipped': 13, 'failed': 1}
games: {'captured': 39, 'skipped': 13, 'failed': 1}
games: {'captured': 48, 'skipped': 13, 'failed': 2}
games: {'captured': 58, 'skipped': 13, 'failed': 2}
games: {'captured': 68, 'skipped': 14, 'failed': 2}
games: {'captured': 78, 'skipped': 15, 'failed': 2}
capture: {'captured': 82, 'skipped': 15, 'failed': 3}
