transport: NCAA_VENDOR=decodo_patchright (canary_vendors.toml) shard 1/8
discovered 133 MFB teams (ay=2024 div=11)
team pages 25/133: 288 contests
team pages 50/133: 525 contests
team pages 75/133: 699 contests
team pages 100/133: 834 contests
team pages 125/133: 902 contests
discovered 910 MFB contests
shard 1/8: 114 contests
games: {'captured': 9, 'skipped': 0, 'failed': 1}
games: {'captured': 19, 'skipped': 0, 'failed': 1}
games: {'captured': 29, 'skipped': 0, 'failed': 1}
games: {'captured': 39, 'skipped': 0, 'failed': 1}
games: {'captured': 49, 'skipped': 0, 'failed': 1}
games: {'captured': 59, 'skipped': 0, 'failed': 1}
games: {'captured': 68, 'skipped': 0, 'failed': 2}
games: {'captured': 78, 'skipped': 0, 'failed': 2}
games: {'captured': 88, 'skipped': 0, 'failed': 2}
games: {'captured': 98, 'skipped': 0, 'failed': 2}
games: {'captured': 107, 'skipped': 0, 'failed': 3}
capture: {'captured': 111, 'skipped': 0, 'failed': 3}
transport: NCAA_VENDOR=decodo_patchright (canary_vendors.toml) shard 1/8
discovered 128 MFB teams (ay=2024 div=12)
team pages 25/128: 249 contests
team pages 50/128: 461 contests
team pages 75/128: 627 contests
team pages 100/128: 735 contests
team pages 125/128: 803 contests
discovered 805 MFB contests
shard 1/8: 101 contests
games: {'captured': 9, 'skipped': 15, 'failed': 1}
games: {'captured': 18, 'skipped': 15, 'failed': 2}
games: {'captured': 28, 'skipped': 15, 'failed': 2}
games: {'captured': 38, 'skipped': 15, 'failed': 2}
games: {'captured': 48, 'skipped': 15, 'failed': 2}
games: {'captured': 57, 'skipped': 15, 'failed': 3}
games: {'captured': 67, 'skipped': 15, 'failed': 3}
games: {'captured': 77, 'skipped': 15, 'failed': 3}
capture: {'captured': 83, 'skipped': 15, 'failed': 3}
