transport: NCAA_VENDOR=decodo_patchright (canary_vendors.toml) shard 1/8
discovered 130 MFB teams (ay=2022 div=11)
team pages 25/130: 289 contests
team pages 50/130: 526 contests
team pages 75/130: 697 contests
team pages 100/130: 829 contests
team pages 125/130: 883 contests
discovered 887 MFB contests
shard 1/8: 111 contests
games: {'captured': 10, 'skipped': 0, 'failed': 0}
games: {'captured': 20, 'skipped': 0, 'failed': 0}
games: {'captured': 30, 'skipped': 0, 'failed': 0}
games: {'captured': 38, 'skipped': 0, 'failed': 2}
games: {'captured': 48, 'skipped': 0, 'failed': 2}
games: {'captured': 58, 'skipped': 0, 'failed': 2}
games: {'captured': 68, 'skipped': 0, 'failed': 2}
games: {'captured': 78, 'skipped': 0, 'failed': 2}
games: {'captured': 87, 'skipped': 0, 'failed': 3}
games: {'captured': 97, 'skipped': 0, 'failed': 3}
games: {'captured': 107, 'skipped': 0, 'failed': 3}
capture: {'captured': 108, 'skipped': 0, 'failed': 3}
transport: NCAA_VENDOR=decodo_patchright (canary_vendors.toml) shard 1/8
discovered 128 MFB teams (ay=2022 div=12)
team pages 25/128: 241 contests
team pages 50/128: 457 contests
team pages 75/128: 615 contests
team pages 100/128: 730 contests
team pages 125/128: 796 contests
discovered 799 MFB contests
shard 1/8: 100 contests
games: {'captured': 7, 'skipped': 4, 'failed': 3}
games: {'captured': 17, 'skipped': 10, 'failed': 3}
games: {'captured': 27, 'skipped': 11, 'failed': 3}
games: {'captured': 36, 'skipped': 11, 'failed': 4}
games: {'captured': 45, 'skipped': 11, 'failed': 5}
games: {'captured': 55, 'skipped': 11, 'failed': 5}
games: {'captured': 65, 'skipped': 12, 'failed': 5}
games: {'captured': 75, 'skipped': 12, 'failed': 5}
capture: {'captured': 81, 'skipped': 13, 'failed': 6}
