transport: NCAA_VENDOR=decodo_patchright (canary_vendors.toml) shard 5/8
discovered 133 MFB teams (ay=2024 div=11)
team pages 25/133: 288 contests
team pages 50/133: 525 contests
team pages 75/133: 699 contests
team pages 100/133: 834 contests
team pages 125/133: 902 contests
discovered 910 MFB contests
shard 5/8: 114 contests
games: {'captured': 10, 'skipped': 0, 'failed': 0}
games: {'captured': 20, 'skipped': 0, 'failed': 0}
games: {'captured': 30, 'skipped': 0, 'failed': 0}
games: {'captured': 40, 'skipped': 0, 'failed': 0}
games: {'captured': 50, 'skipped': 0, 'failed': 0}
games: {'captured': 60, 'skipped': 0, 'failed': 0}
games: {'captured': 70, 'skipped': 0, 'failed': 0}
games: {'captured': 80, 'skipped': 0, 'failed': 0}
games: {'captured': 90, 'skipped': 0, 'failed': 0}
games: {'captured': 100, 'skipped': 0, 'failed': 0}
games: {'captured': 110, 'skipped': 0, 'failed': 0}
capture: {'captured': 114, 'skipped': 0, 'failed': 0}
transport: NCAA_VENDOR=decodo_patchright (canary_vendors.toml) shard 5/8
discovered 128 MFB teams (ay=2024 div=12)
team pages 25/128: 249 contests
team pages 50/128: 461 contests
team pages 75/128: 627 contests
team pages 100/128: 735 contests
team pages 125/128: 803 contests
discovered 805 MFB contests
shard 5/8: 100 contests
games: {'captured': 10, 'skipped': 4, 'failed': 0}
games: {'captured': 20, 'skipped': 7, 'failed': 0}
games: {'captured': 29, 'skipped': 8, 'failed': 1}
games: {'captured': 39, 'skipped': 8, 'failed': 1}
games: {'captured': 48, 'skipped': 8, 'failed': 2}
games: {'captured': 58, 'skipped': 8, 'failed': 2}
games: {'captured': 68, 'skipped': 9, 'failed': 2}
games: {'captured': 77, 'skipped': 10, 'failed': 3}
games: {'captured': 87, 'skipped': 10, 'failed': 3}
capture: {'captured': 87, 'skipped': 10, 'failed': 3}
