transport: NCAA_VENDOR=decodo_patchright (canary_vendors.toml) shard 4/8
discovered 134 MFB teams (ay=2025 div=11)
team pages 25/134: 294 contests
team pages 50/134: 529 contests
team pages 75/134: 706 contests
team pages 100/134: 840 contests
team pages 125/134: 908 contests
discovered 919 MFB contests
shard 4/8: 115 contests
games: {'captured': 10, 'skipped': 0, 'failed': 0}
games: {'captured': 20, 'skipped': 0, 'failed': 0}
games: {'captured': 30, 'skipped': 0, 'failed': 0}
games: {'captured': 40, 'skipped': 0, 'failed': 0}
games: {'captured': 50, 'skipped': 0, 'failed': 0}
games: {'captured': 60, 'skipped': 0, 'failed': 0}
games: {'captured': 70, 'skipped': 0, 'failed': 0}
games: {'captured': 80, 'skipped': 0, 'failed': 0}
games: {'captured': 90, 'skipped': 0, 'failed': 0}
games: {'captured': 100, 'skipped': 0, 'failed': 0}
games: {'captured': 110, 'skipped': 0, 'failed': 0}
capture: {'captured': 115, 'skipped': 0, 'failed': 0}
transport: NCAA_VENDOR=decodo_patchright (canary_vendors.toml) shard 4/8
discovered 129 MFB teams (ay=2025 div=12)
team pages 25/129: 262 contests
team pages 50/129: 495 contests
team pages 75/129: 676 contests
team pages 100/129: 790 contests
team pages 125/129: 863 contests
discovered 867 MFB contests
shard 4/8: 108 contests
games: {'captured': 10, 'skipped': 15, 'failed': 0}
games: {'captured': 20, 'skipped': 15, 'failed': 0}
games: {'captured': 30, 'skipped': 15, 'failed': 0}
games: {'captured': 40, 'skipped': 15, 'failed': 0}
games: {'captured': 50, 'skipped': 15, 'failed': 0}
games: {'captured': 60, 'skipped': 15, 'failed': 0}
games: {'captured': 70, 'skipped': 15, 'failed': 0}
games: {'captured': 80, 'skipped': 15, 'failed': 0}
games: {'captured': 90, 'skipped': 15, 'failed': 0}
capture: {'captured': 93, 'skipped': 15, 'failed': 0}
