transport: NCAA_VENDOR=decodo_patchright (canary_vendors.toml) shard 2/8
discovered 133 MFB teams (ay=2024 div=11)
team pages 25/133: 288 contests
team pages 50/133: 525 contests
team pages 75/133: 699 contests
team pages 100/133: 834 contests
team pages 125/133: 902 contests
discovered 910 MFB contests
shard 2/8: 114 contests
games: {'captured': 10, 'skipped': 0, 'failed': 0}
games: {'captured': 20, 'skipped': 0, 'failed': 0}
games: {'captured': 29, 'skipped': 0, 'failed': 1}
games: {'captured': 38, 'skipped': 0, 'failed': 2}
games: {'captured': 48, 'skipped': 0, 'failed': 2}
games: {'captured': 58, 'skipped': 0, 'failed': 2}
games: {'captured': 68, 'skipped': 0, 'failed': 2}
games: {'captured': 78, 'skipped': 0, 'failed': 2}
games: {'captured': 88, 'skipped': 0, 'failed': 2}
games: {'captured': 98, 'skipped': 0, 'failed': 2}
games: {'captured': 108, 'skipped': 0, 'failed': 2}
capture: {'captured': 111, 'skipped': 0, 'failed': 3}
transport: NCAA_VENDOR=decodo_patchright (canary_vendors.toml) shard 2/8
discovered 128 MFB teams (ay=2024 div=12)
team pages 25/128: 249 contests
team pages 50/128: 461 contests
team pages 75/128: 627 contests
team pages 100/128: 735 contests
team pages 125/128: 803 contests
discovered 805 MFB contests
shard 2/8: 101 contests
games: {'captured': 10, 'skipped': 7, 'failed': 0}
games: {'captured': 19, 'skipped': 13, 'failed': 1}
games: {'captured': 28, 'skipped': 13, 'failed': 2}
games: {'captured': 37, 'skipped': 14, 'failed': 3}
games: {'captured': 47, 'skipped': 14, 'failed': 3}
games: {'captured': 57, 'skipped': 14, 'failed': 3}
games: {'captured': 67, 'skipped': 14, 'failed': 3}
games: {'captured': 76, 'skipped': 15, 'failed': 4}
capture: {'captured': 82, 'skipped': 15, 'failed': 4}
