transport: NCAA_VENDOR=decodo_patchright (canary_vendors.toml) shard 2/8
discovered 130 MFB teams (ay=2022 div=11)
team pages 25/130: 289 contests
team pages 50/130: 526 contests
team pages 75/130: 697 contests
team pages 100/130: 829 contests
team pages 125/130: 883 contests
discovered 887 MFB contests
shard 2/8: 111 contests
games: {'captured': 8, 'skipped': 0, 'failed': 2}
games: {'captured': 18, 'skipped': 0, 'failed': 2}
games: {'captured': 28, 'skipped': 0, 'failed': 2}
games: {'captured': 38, 'skipped': 0, 'failed': 2}
games: {'captured': 48, 'skipped': 0, 'failed': 2}
games: {'captured': 56, 'skipped': 0, 'failed': 4}
games: {'captured': 66, 'skipped': 0, 'failed': 4}
games: {'captured': 76, 'skipped': 0, 'failed': 4}
games: {'captured': 86, 'skipped': 0, 'failed': 4}
games: {'captured': 96, 'skipped': 0, 'failed': 4}
games: {'captured': 105, 'skipped': 0, 'failed': 5}
capture: {'captured': 106, 'skipped': 0, 'failed': 5}
transport: NCAA_VENDOR=decodo_patchright (canary_vendors.toml) shard 2/8
discovered 128 MFB teams (ay=2022 div=12)
team pages 25/128: 241 contests
team pages 50/128: 457 contests
team pages 75/128: 615 contests
team pages 100/128: 730 contests
team pages 125/128: 796 contests
discovered 799 MFB contests
shard 2/8: 100 contests
games: {'captured': 10, 'skipped': 13, 'failed': 0}
games: {'captured': 20, 'skipped': 18, 'failed': 0}
games: {'captured': 30, 'skipped': 18, 'failed': 0}
games: {'captured': 40, 'skipped': 18, 'failed': 0}
games: {'captured': 50, 'skipped': 18, 'failed': 0}
games: {'captured': 59, 'skipped': 19, 'failed': 1}
games: {'captured': 69, 'skipped': 20, 'failed': 1}
capture: {'captured': 78, 'skipped': 21, 'failed': 1}
