=== parse ay2026 2026-08-24T06:04:01Z ===
ay2026: {'parsed': 1683, 'skipped': 2}
=== parse ay2025 2026-08-24T06:07:45Z ===
ay2025: {'parsed': 1664}
=== parse ay2024 2026-08-24T06:10:30Z ===
ay2024: {'parsed': 1569}
=== parse ay2023 2026-08-24T06:13:40Z ===
ay2023: {'parsed': 1590}
=== parse ay2022 2026-08-24T06:16:12Z ===
ay2022: {'parsed': 1502}
Auto packing the repository in background for optimum performance.
See "git help gc" for manual housekeeping.
=== parse ay2021 2026-08-24T06:18:29Z ===
ay2021: {'parsed': 828}
=== parse ay2020 2026-08-24T06:19:48Z ===
ay2020: {'parsed': 1607}
=== parse ay2019 2026-08-24T06:24:02Z ===
ay2019: {'parsed': 1532}
=== parse ay2018 2026-08-24T06:27:33Z ===
ay2018: {'parsed': 1528}
=== parse ay2017 2026-08-24T06:31:22Z ===
ay2017: {'parsed': 1526}
Auto packing the repository in background for optimum performance.
See "git help gc" for manual housekeeping.
=== parse ay2016 2026-08-24T06:34:59Z ===
ay2016: {'parsed': 1515}
=== parse ay2015 2026-08-24T06:39:53Z ===
ay2015: {'parsed': 1567}
=== parse ay2014 2026-08-24T06:43:51Z ===
ay2014: {'parsed': 1546}
PARSE BACKFILL COMPLETE
