=== parse ay2026 2026-08-24T08:45:37Z ===
ay2026: {'parsed': 1685}
Auto packing the repository in background for optimum performance.
See "git help gc" for manual housekeeping.
=== parse ay2025 2026-08-24T08:50:23Z ===
ay2025: {'parsed': 1664}
=== parse ay2024 2026-08-24T08:54:20Z ===
ay2024: {'parsed': 1569}
=== parse ay2023 2026-08-24T08:58:16Z ===
ay2023: {'parsed': 1590}
=== parse ay2022 2026-08-24T09:01:36Z ===
ay2022: {'parsed': 1502}
Auto packing the repository in background for optimum performance.
See "git help gc" for manual housekeeping.
=== parse ay2021 2026-08-24T09:04:46Z ===
ay2021: {'parsed': 828}
=== parse ay2020 2026-08-24T09:06:44Z ===
ay2020: {'parsed': 1607}
=== parse ay2019 2026-08-24T09:11:14Z ===
ay2019: {'parsed': 1532}
=== parse ay2018 2026-08-24T09:15:24Z ===
ay2018: {'parsed': 1528}
Auto packing the repository in background for optimum performance.
See "git help gc" for manual housekeeping.
=== parse ay2017 2026-08-24T09:19:28Z ===
ay2017: {'parsed': 1526}
=== parse ay2016 2026-08-24T09:23:30Z ===
ay2016: {'parsed': 1515}
=== parse ay2015 2026-08-24T09:27:23Z ===
ay2015: {'parsed': 1567}
=== parse ay2014 2026-08-24T09:31:37Z ===
ay2014: {'parsed': 1546}
PARSE BACKFILL COMPLETE
